<?xml version="1.0" encoding="UTF-8"?>
<program language="IPPcode18">
 <instruction order="1" opcode="CREATEFRAME"/>
 <instruction order="2" opcode="DEFVAR">
  <arg1 type="var">TF@counter</arg1>
 </instruction>
 <instruction order="3" opcode="MOVE">
  <arg1 type="var">TF@counter</arg1>
  <arg2 type="string"></arg2>
 </instruction>
 <instruction order="4" opcode="PUSHFRAME"/>
 <instruction order="5" opcode="LABEL">
  <arg1 type="label">while</arg1>
 </instruction>
 <instruction order="6" opcode="JUMPIFEQ">
  <arg1 type="label">end</arg1>
  <arg2 type="var">LF@counter</arg2>
  <arg3 type="string">aaa</arg3>
 </instruction>
 <instruction order="7" opcode="WRITE">
  <arg1 type="string">counter\032obsahuje\032</arg1>
 </instruction>
 <instruction order="8" opcode="WRITE">
  <arg1 type="var">LF@counter</arg1>
 </instruction>
 <instruction order="9" opcode="WRITE">
  <arg1 type="string">\010</arg1>
 </instruction>
 <instruction order="10" opcode="CONCAT">
  <arg1 type="var">LF@counter</arg1>
  <arg2 type="var">LF@counter</arg2>
  <arg3 type="string">a</arg3>
 </instruction>
 <instruction order="11" opcode="JUMP">
  <arg1 type="label">while</arg1>
 </instruction>
 <instruction order="12" opcode="LABEL">
  <arg1 type="label">end</arg1>
 </instruction>
 <instruction order="13" opcode="POPFRAME"/>
</program>
