counter obsahuje 
a


counter obsahuje 
abc



