textovazprava
13
x
x
teatovazprava
teotovazprava
string

