60
40
160
80
true
false
true
false
false
true

