counter\032obsahuje\032

\010
counter\032obsahuje\032
a
\010
counter\032obsahuje\032
aa
\010