60
40
160
80
true
false
false
true
true
false